// Jest Snapshot v1, https://goo.gl/fbAQLP

exports[`<Snackbar /> renders correctly 1`] = `
<RCTSafeAreaView
  emulateUnlessSupported={true}
  pointerEvents="box-none"
  style={
    Array [
      Object {
        "bottom": 0,
        "position": "absolute",
        "width": "100%",
      },
      undefined,
    ]
  }
>
  <View
    accessibilityLiveRegion="polite"
    pointerEvents="box-none"
    style={
      Object {
        "alignItems": "center",
        "backgroundColor": "rgba(124, 183, 65, 1)",
        "borderRadius": 0,
        "bottom": 0,
        "elevation": 6,
        "flexDirection": "row",
        "justifyContent": "space-between",
        "margin": 0,
        "opacity": 0,
        "padding": 10,
        "position": "absolute",
        "shadowColor": "#000000",
        "shadowOffset": Object {
          "height": 5,
          "width": 0,
        },
        "shadowOpacity": 0.24,
        "shadowRadius": 6,
        "transform": Array [
          Object {
            "scale": 0.9,
          },
        ],
        "width": 750,
      }
    }
  >
    <Text
      style={
        Array [
          Object {
            "color": "#000000",
            "fontFamily": "System",
            "fontWeight": "400",
          },
          Object {
            "textAlign": "left",
          },
          Array [
            Object {
              "flex": 1,
              "flexWrap": "wrap",
              "marginLeft": 16,
              "marginVertical": 14,
            },
            Object {
              "color": "#ffffff",
              "marginRight": 16,
            },
          ],
        ]
      }
    >
      <Text
        style={
          Array [
            Object {
              "fontFamily": "MartianBThai-SemiBold",
              "fontSize": 14,
              "lineHeight": 23.8,
            },
            Object {},
          ]
        }
      >
        Hello world
      </Text>
    </Text>
  </View>
</RCTSafeAreaView>
`;
